Serving HTTP on fec0::5054:ff:fe12:3456 port 8000 (http://[fec0::5054:ff:fe12:3456]:8000/) ...

Keyboard interrupt received, exiting.
Serving HTTP on fec0::5054:ff:fe12:3456 port 8000 (http://[fec0::5054:ff:fe12:3456]:8000/) ...

Keyboard interrupt received, exiting.
fec0::5054:ff:fe12:3456 - - [24/Jan/2026 07:34:07] "GET / HTTP/1.1" 200 -
Traceback (most recent call last):
  File "/usr/lib/python3.10/runpy.py", line 196, in _run_module_as_main
    return _run_code(code, main_globals, None,
  File "/usr/lib/python3.10/runpy.py", line 86, in _run_code
    exec(code, run_globals)
  File "/usr/lib/python3.10/http/server.py", line 1307, in <module>
    test(
  File "/usr/lib/python3.10/http/server.py", line 1258, in test
    with ServerClass(addr, HandlerClass) as httpd:
  File "/usr/lib/python3.10/socketserver.py", line 452, in __init__
    self.server_bind()
  File "/usr/lib/python3.10/http/server.py", line 1301, in server_bind
    return super().server_bind()
  File "/usr/lib/python3.10/http/server.py", line 137, in server_bind
    socketserver.TCPServer.server_bind(self)
  File "/usr/lib/python3.10/socketserver.py", line 466, in server_bind
    self.socket.bind(self.server_address)
OSError: [Errno 99] Cannot assign requested address
Traceback (most recent call last):
  File "/usr/lib/python3.10/runpy.py", line 196, in _run_module_as_main
    return _run_code(code, main_globals, None,
  File "/usr/lib/python3.10/runpy.py", line 86, in _run_code
    exec(code, run_globals)
  File "/usr/lib/python3.10/http/server.py", line 1307, in <module>
    test(
  File "/usr/lib/python3.10/http/server.py", line 1258, in test
    with ServerClass(addr, HandlerClass) as httpd:
  File "/usr/lib/python3.10/socketserver.py", line 452, in __init__
    self.server_bind()
  File "/usr/lib/python3.10/http/server.py", line 1301, in server_bind
    return super().server_bind()
  File "/usr/lib/python3.10/http/server.py", line 137, in server_bind
    socketserver.TCPServer.server_bind(self)
  File "/usr/lib/python3.10/socketserver.py", line 466, in server_bind
    self.socket.bind(self.server_address)
OSError: [Errno 99] Cannot assign requested address
